  BinaryBlock.cpp
  Buffer.cpp
  ByteBuffer.cpp
D:\code\b.vound-github\sleuthkit\rejistry++\src\ByteBuffer.cpp(61,36): warning C4101: 'e': unreferenced local variable
  Cell.cpp
  DBIndirectRecord.cpp
  DBRecord.cpp
  DirectSubkeyListRecord.cpp
  HBIN.cpp
  LFRecord.cpp
  LHRecord.cpp
  LIRecord.cpp
  NKRecord.cpp
  Record.cpp
  REGFHeader.cpp
  RegistryByteBuffer.cpp
  RegistryHiveBuffer.cpp
  RegistryHiveFile.cpp
  RegistryKey.cpp
  RegistryValue.cpp
  RejistryException.cpp
  Compiling...
  RIRecord.cpp
  SubkeyListRecord.cpp
  ValueData.cpp
  ValueListRecord.cpp
  VKRecord.cpp
  Rejistry++.vcxproj -> D:\code\b.vound-github\sleuthkit\win32\Release-exp\Rejistry++.lib
