d:\code\3.sdks-and-libs\vound-github\sleuthkit\win32\release-exp\rejistry++.pdb
d:\code\3.sdks-and-libs\vound-github\sleuthkit\win32\rejistry++\release-exp\rejistryexception.obj
d:\code\3.sdks-and-libs\vound-github\sleuthkit\win32\rejistry++\release-exp\registryvalue.obj
d:\code\3.sdks-and-libs\vound-github\sleuthkit\win32\rejistry++\release-exp\registrykey.obj
d:\code\3.sdks-and-libs\vound-github\sleuthkit\win32\rejistry++\release-exp\registryhivefile.obj
d:\code\3.sdks-and-libs\vound-github\sleuthkit\win32\rejistry++\release-exp\registryhivebuffer.obj
d:\code\3.sdks-and-libs\vound-github\sleuthkit\win32\rejistry++\release-exp\registrybytebuffer.obj
d:\code\3.sdks-and-libs\vound-github\sleuthkit\win32\rejistry++\release-exp\regfheader.obj
d:\code\3.sdks-and-libs\vound-github\sleuthkit\win32\rejistry++\release-exp\record.obj
d:\code\3.sdks-and-libs\vound-github\sleuthkit\win32\rejistry++\release-exp\nkrecord.obj
d:\code\3.sdks-and-libs\vound-github\sleuthkit\win32\rejistry++\release-exp\lirecord.obj
d:\code\3.sdks-and-libs\vound-github\sleuthkit\win32\rejistry++\release-exp\lhrecord.obj
d:\code\3.sdks-and-libs\vound-github\sleuthkit\win32\rejistry++\release-exp\lfrecord.obj
d:\code\3.sdks-and-libs\vound-github\sleuthkit\win32\rejistry++\release-exp\hbin.obj
d:\code\3.sdks-and-libs\vound-github\sleuthkit\win32\rejistry++\release-exp\directsubkeylistrecord.obj
d:\code\3.sdks-and-libs\vound-github\sleuthkit\win32\rejistry++\release-exp\dbrecord.obj
d:\code\3.sdks-and-libs\vound-github\sleuthkit\win32\rejistry++\release-exp\dbindirectrecord.obj
d:\code\3.sdks-and-libs\vound-github\sleuthkit\win32\rejistry++\release-exp\cell.obj
d:\code\3.sdks-and-libs\vound-github\sleuthkit\win32\rejistry++\release-exp\bytebuffer.obj
d:\code\3.sdks-and-libs\vound-github\sleuthkit\win32\rejistry++\release-exp\buffer.obj
d:\code\3.sdks-and-libs\vound-github\sleuthkit\win32\rejistry++\release-exp\binaryblock.obj
d:\code\3.sdks-and-libs\vound-github\sleuthkit\win32\rejistry++\release-exp\vkrecord.obj
d:\code\3.sdks-and-libs\vound-github\sleuthkit\win32\rejistry++\release-exp\valuelistrecord.obj
d:\code\3.sdks-and-libs\vound-github\sleuthkit\win32\rejistry++\release-exp\valuedata.obj
d:\code\3.sdks-and-libs\vound-github\sleuthkit\win32\rejistry++\release-exp\subkeylistrecord.obj
d:\code\3.sdks-and-libs\vound-github\sleuthkit\win32\rejistry++\release-exp\rirecord.obj
d:\code\3.sdks-and-libs\vound-github\sleuthkit\win32\release-exp\rejistry++.lib
d:\code\b.vound-github\sleuthkit\win32\rejistry++\release-exp\binaryblock.obj
d:\code\b.vound-github\sleuthkit\win32\rejistry++\release-exp\buffer.obj
d:\code\b.vound-github\sleuthkit\win32\rejistry++\release-exp\bytebuffer.obj
d:\code\b.vound-github\sleuthkit\win32\rejistry++\release-exp\cell.obj
d:\code\b.vound-github\sleuthkit\win32\rejistry++\release-exp\dbindirectrecord.obj
d:\code\b.vound-github\sleuthkit\win32\rejistry++\release-exp\dbrecord.obj
d:\code\b.vound-github\sleuthkit\win32\rejistry++\release-exp\directsubkeylistrecord.obj
d:\code\b.vound-github\sleuthkit\win32\rejistry++\release-exp\hbin.obj
d:\code\b.vound-github\sleuthkit\win32\rejistry++\release-exp\lfrecord.obj
d:\code\b.vound-github\sleuthkit\win32\rejistry++\release-exp\lhrecord.obj
d:\code\b.vound-github\sleuthkit\win32\rejistry++\release-exp\lirecord.obj
d:\code\b.vound-github\sleuthkit\win32\rejistry++\release-exp\nkrecord.obj
d:\code\b.vound-github\sleuthkit\win32\rejistry++\release-exp\record.obj
d:\code\b.vound-github\sleuthkit\win32\rejistry++\release-exp\regfheader.obj
d:\code\b.vound-github\sleuthkit\win32\rejistry++\release-exp\registrybytebuffer.obj
d:\code\b.vound-github\sleuthkit\win32\rejistry++\release-exp\registryhivebuffer.obj
d:\code\b.vound-github\sleuthkit\win32\rejistry++\release-exp\registryhivefile.obj
d:\code\b.vound-github\sleuthkit\win32\rejistry++\release-exp\registrykey.obj
d:\code\b.vound-github\sleuthkit\win32\rejistry++\release-exp\registryvalue.obj
d:\code\b.vound-github\sleuthkit\win32\rejistry++\release-exp\rejistryexception.obj
d:\code\b.vound-github\sleuthkit\win32\rejistry++\release-exp\rirecord.obj
d:\code\b.vound-github\sleuthkit\win32\rejistry++\release-exp\subkeylistrecord.obj
d:\code\b.vound-github\sleuthkit\win32\rejistry++\release-exp\valuedata.obj
d:\code\b.vound-github\sleuthkit\win32\rejistry++\release-exp\valuelistrecord.obj
d:\code\b.vound-github\sleuthkit\win32\rejistry++\release-exp\vkrecord.obj
d:\code\b.vound-github\sleuthkit\win32\release-exp\rejistry++.pdb
d:\code\b.vound-github\sleuthkit\win32\release-exp\rejistry++.lib
d:\code\b.vound-github\sleuthkit\win32\rejistry++\release-exp\rejistry++.tlog\cl.command.1.tlog
d:\code\b.vound-github\sleuthkit\win32\rejistry++\release-exp\rejistry++.tlog\cl.read.1.tlog
d:\code\b.vound-github\sleuthkit\win32\rejistry++\release-exp\rejistry++.tlog\cl.write.1.tlog
d:\code\b.vound-github\sleuthkit\win32\rejistry++\release-exp\rejistry++.tlog\lib-link.read.1.tlog
d:\code\b.vound-github\sleuthkit\win32\rejistry++\release-exp\rejistry++.tlog\lib-link.write.1.tlog
d:\code\b.vound-github\sleuthkit\win32\rejistry++\release-exp\rejistry++.tlog\lib.command.1.tlog
