  DriveUtil.cpp
  FileExtractor.cpp
  LogicalImagerConfiguration.cpp
  ReportUtil.cpp
  UserAccount.cpp
  LogicalImagerDateRule.cpp
  LogicalImagerExtensionRule.cpp
  LogicalImagerFilenameRule.cpp
  LogicalImagerPathRule.cpp
  LogicalImagerRuleBase.cpp
  LogicalImagerRuleSet.cpp
D:\code\b.vound-github\sleuthkit\tools\logicalimager\LogicalImagerRuleBase.cpp(28,20): error C2039: 'logic_error': is not a member of 'std'
  C:\Program Files\Microsoft Visual Studio\2022\Community\VC\Tools\MSVC\14.39.33519\include\list(23,1):
  see declaration of 'std'
  
D:\code\b.vound-github\sleuthkit\tools\logicalimager\LogicalImagerRuleBase.cpp(28,20): error C3861: 'logic_error': identifier not found
  LogicalImagerSizeRule.cpp
  RegFileInfo.cpp
  RegistryAnalyzer.cpp
  RegistryLoader.cpp
  RegKey.cpp
  RegParser.cpp
  RegVal.cpp
  MatchedRuleInfo.cpp
  TskFindFiles.cpp
D:\code\b.vound-github\sleuthkit\tools\logicalimager\TskFindFiles.cpp(116,59): warning C4018: '<=': signed/unsigned mismatch
  Compiling...
  TskHelper.cpp
  tsk_logical_imager.cpp
D:\code\b.vound-github\sleuthkit\tools\logicalimager\tsk_logical_imager.cpp(63,5): warning C4996: 'GetVersionExA': was declared deprecated
