d:\code\b.vound-github\sleuthkit\win32\libtsk\release-exp\vc143.pdb
d:\code\b.vound-github\sleuthkit\win32\libtsk\release-exp\yaffs.obj
d:\code\b.vound-github\sleuthkit\win32\libtsk\release-exp\walk_cpp.obj
d:\code\b.vound-github\sleuthkit\win32\libtsk\release-exp\ntfs_dent.obj
d:\code\b.vound-github\sleuthkit\win32\libtsk\release-exp\fatfs_dent.obj
d:\code\b.vound-github\sleuthkit\win32\libtsk\release-exp\crypto.obj
d:\code\b.vound-github\sleuthkit\win32\libtsk\release-exp\pool_types.obj
d:\code\b.vound-github\sleuthkit\win32\libtsk\release-exp\pool_read.obj
d:\code\b.vound-github\sleuthkit\win32\libtsk\release-exp\pool_open.obj
d:\code\b.vound-github\sleuthkit\win32\libtsk\release-exp\apfs_pool.obj
d:\code\b.vound-github\sleuthkit\win32\libtsk\release-exp\apfs_pool_compat.obj
d:\code\b.vound-github\sleuthkit\win32\libtsk\release-exp\img_writer.obj
d:\code\b.vound-github\sleuthkit\win32\libtsk\release-exp\binsrch_index.obj
d:\code\b.vound-github\sleuthkit\win32\libtsk\release-exp\xwfs2_dent.obj
d:\code\b.vound-github\sleuthkit\win32\libtsk\release-exp\apfs_open.obj
d:\code\b.vound-github\sleuthkit\win32\libtsk\release-exp\apfs_fs.obj
d:\code\b.vound-github\sleuthkit\win32\libtsk\release-exp\apfs_compat.obj
d:\code\b.vound-github\sleuthkit\win32\libtsk\release-exp\apfs.obj
d:\code\b.vound-github\sleuthkit\win32\libtsk\release-exp\tsk_db.obj
d:\code\b.vound-github\sleuthkit\win32\libtsk\release-exp\is_image_supported.obj
d:\code\b.vound-github\sleuthkit\win32\libtsk\release-exp\guid.obj
d:\code\b.vound-github\sleuthkit\win32\libtsk\release-exp\img_open.obj
d:\code\b.vound-github\sleuthkit\win32\libtsk\release-exp\ewf.obj
d:\code\b.vound-github\sleuthkit\win32\libtsk\release-exp\sqlite_hdb.obj
d:\code\b.vound-github\sleuthkit\win32\libtsk\release-exp\tsk_error_win32.obj
d:\code\b.vound-github\sleuthkit\win32\libtsk\release-exp\db_sqlite.obj
d:\code\b.vound-github\sleuthkit\win32\libtsk\release-exp\case_db.obj
d:\code\b.vound-github\sleuthkit\win32\libtsk\release-exp\auto_db.obj
d:\code\b.vound-github\sleuthkit\win32\libtsk\release-exp\auto.obj
d:\code\b.vound-github\sleuthkit\win32\libtsk\release-exp\logical_fs.obj
d:\code\b.vound-github\sleuthkit\win32\libtsk\release-exp\mac.obj
d:\code\b.vound-github\sleuthkit\win32\libtsk\release-exp\gpt.obj
d:\code\b.vound-github\sleuthkit\win32\libtsk\release-exp\dos.obj
d:\code\b.vound-github\sleuthkit\win32\libtsk\release-exp\bsd.obj
d:\code\b.vound-github\sleuthkit\win32\libtsk\release-exp\file_system_utils.obj
d:\code\b.vound-github\sleuthkit\win32\libtsk\release-exp\detect_encryption.obj
d:\code\b.vound-github\sleuthkit\win32\libtsk\release-exp\vmdk.obj
d:\code\b.vound-github\sleuthkit\win32\libtsk\release-exp\vhd.obj
d:\code\b.vound-github\sleuthkit\win32\libtsk\release-exp\unsupported_types.obj
d:\code\b.vound-github\sleuthkit\win32\libtsk\release-exp\aff4.obj
d:\code\b.vound-github\sleuthkit\win32\libtsk\release-exp\hdb_base.obj
d:\code\b.vound-github\sleuthkit\win32\libtsk\release-exp\xwfs2.obj
d:\code\b.vound-github\sleuthkit\win32\libtsk\release-exp\fatxxfs_meta.obj
d:\code\b.vound-github\sleuthkit\win32\libtsk\release-exp\fatxxfs_dent.obj
d:\code\b.vound-github\sleuthkit\win32\libtsk\release-exp\fatxxfs.obj
d:\code\b.vound-github\sleuthkit\win32\libtsk\release-exp\fatfs_utils.obj
d:\code\b.vound-github\sleuthkit\win32\libtsk\release-exp\exfatfs_meta.obj
d:\code\b.vound-github\sleuthkit\win32\libtsk\release-exp\exfatfs.obj
d:\code\b.vound-github\sleuthkit\win32\libtsk\release-exp\exfatfs_dent.obj
d:\code\b.vound-github\sleuthkit\win32\libtsk\release-exp\decmpfs.obj
d:\code\b.vound-github\sleuthkit\win32\libtsk\release-exp\fs_attrlist.obj
d:\code\b.vound-github\sleuthkit\win32\libtsk\release-exp\fs_attr.obj
d:\code\b.vound-github\sleuthkit\win32\libtsk\release-exp\fls_lib.obj
d:\code\b.vound-github\sleuthkit\win32\libtsk\release-exp\ffs_dent.obj
d:\code\b.vound-github\sleuthkit\win32\libtsk\release-exp\ffs.obj
d:\code\b.vound-github\sleuthkit\win32\libtsk\release-exp\ffind_lib.obj
d:\code\b.vound-github\sleuthkit\win32\libtsk\release-exp\fatfs_meta.obj
d:\code\b.vound-github\sleuthkit\win32\libtsk\release-exp\fatfs.obj
d:\code\b.vound-github\sleuthkit\win32\libtsk\release-exp\ext2fs_journal.obj
d:\code\b.vound-github\sleuthkit\win32\libtsk\release-exp\ext2fs_dent.obj
d:\code\b.vound-github\sleuthkit\win32\libtsk\release-exp\ext2fs.obj
d:\code\b.vound-github\sleuthkit\win32\libtsk\release-exp\dstat_lib.obj
d:\code\b.vound-github\sleuthkit\win32\libtsk\release-exp\dls_lib.obj
d:\code\b.vound-github\sleuthkit\win32\libtsk\release-exp\dcat_lib.obj
d:\code\b.vound-github\sleuthkit\win32\libtsk\release-exp\dcalc_lib.obj
d:\code\b.vound-github\sleuthkit\win32\libtsk\release-exp\sun.obj
d:\code\b.vound-github\sleuthkit\win32\libtsk\release-exp\mm_types.obj
d:\code\b.vound-github\sleuthkit\win32\libtsk\release-exp\mm_part.obj
d:\code\b.vound-github\sleuthkit\win32\libtsk\release-exp\mm_open.obj
d:\code\b.vound-github\sleuthkit\win32\libtsk\release-exp\mm_io.obj
d:\code\b.vound-github\sleuthkit\win32\libtsk\release-exp\lzvn.obj
d:\code\b.vound-github\sleuthkit\win32\libtsk\release-exp\iso9660_dent.obj
d:\code\b.vound-github\sleuthkit\win32\libtsk\release-exp\iso9660.obj
d:\code\b.vound-github\sleuthkit\win32\libtsk\release-exp\ils_lib.obj
d:\code\b.vound-github\sleuthkit\win32\libtsk\release-exp\ifind_lib.obj
d:\code\b.vound-github\sleuthkit\win32\libtsk\release-exp\icat_lib.obj
d:\code\b.vound-github\sleuthkit\win32\libtsk\release-exp\hfs_unicompare.obj
d:\code\b.vound-github\sleuthkit\win32\libtsk\release-exp\hfs_journal.obj
d:\code\b.vound-github\sleuthkit\win32\libtsk\release-exp\hfs_dent.obj
d:\code\b.vound-github\sleuthkit\win32\libtsk\release-exp\hfs.obj
d:\code\b.vound-github\sleuthkit\win32\libtsk\release-exp\fs_types.obj
d:\code\b.vound-github\sleuthkit\win32\libtsk\release-exp\fs_parse.obj
d:\code\b.vound-github\sleuthkit\win32\libtsk\release-exp\fs_open.obj
d:\code\b.vound-github\sleuthkit\win32\libtsk\release-exp\fs_name.obj
d:\code\b.vound-github\sleuthkit\win32\libtsk\release-exp\fs_load.obj
d:\code\b.vound-github\sleuthkit\win32\libtsk\release-exp\fs_io.obj
d:\code\b.vound-github\sleuthkit\win32\libtsk\release-exp\fs_inode.obj
d:\code\b.vound-github\sleuthkit\win32\libtsk\release-exp\fs_file.obj
d:\code\b.vound-github\sleuthkit\win32\libtsk\release-exp\fs_dir.obj
d:\code\b.vound-github\sleuthkit\win32\libtsk\release-exp\fs_block.obj
d:\code\b.vound-github\sleuthkit\win32\libtsk\release-exp\encase.obj
d:\code\b.vound-github\sleuthkit\win32\libtsk\release-exp\xgetopt.obj
d:\code\b.vound-github\sleuthkit\win32\libtsk\release-exp\tsk_version.obj
d:\code\b.vound-github\sleuthkit\win32\libtsk\release-exp\tsk_unicode.obj
d:\code\b.vound-github\sleuthkit\win32\libtsk\release-exp\tsk_stack.obj
d:\code\b.vound-github\sleuthkit\win32\libtsk\release-exp\tsk_printf.obj
d:\code\b.vound-github\sleuthkit\win32\libtsk\release-exp\tsk_parse.obj
d:\code\b.vound-github\sleuthkit\win32\libtsk\release-exp\tsk_lock.obj
d:\code\b.vound-github\sleuthkit\win32\libtsk\release-exp\tsk_list.obj
d:\code\b.vound-github\sleuthkit\win32\libtsk\release-exp\tsk_error.obj
d:\code\b.vound-github\sleuthkit\win32\libtsk\release-exp\tsk_endian.obj
d:\code\b.vound-github\sleuthkit\win32\libtsk\release-exp\sha1c.obj
d:\code\b.vound-github\sleuthkit\win32\libtsk\release-exp\mymalloc.obj
d:\code\b.vound-github\sleuthkit\win32\libtsk\release-exp\md5c.obj
d:\code\b.vound-github\sleuthkit\win32\libtsk\release-exp\sqlite3.obj
d:\code\b.vound-github\sleuthkit\win32\libtsk\release-exp\unix_misc.obj
d:\code\b.vound-github\sleuthkit\win32\libtsk\release-exp\swapfs.obj
d:\code\b.vound-github\sleuthkit\win32\libtsk\release-exp\rawfs.obj
d:\code\b.vound-github\sleuthkit\win32\libtsk\release-exp\ntfs.obj
d:\code\b.vound-github\sleuthkit\win32\libtsk\release-exp\nofs_misc.obj
d:\code\b.vound-github\sleuthkit\win32\libtsk\release-exp\logical_img.obj
d:\code\b.vound-github\sleuthkit\win32\libtsk\release-exp\raw.obj
d:\code\b.vound-github\sleuthkit\win32\libtsk\release-exp\mult_files.obj
d:\code\b.vound-github\sleuthkit\win32\libtsk\release-exp\img_types.obj
d:\code\b.vound-github\sleuthkit\win32\libtsk\release-exp\img_io.obj
d:\code\b.vound-github\sleuthkit\win32\libtsk\release-exp\aff.obj
d:\code\b.vound-github\sleuthkit\win32\libtsk\release-exp\tsk_hashdb.obj
d:\code\b.vound-github\sleuthkit\win32\libtsk\release-exp\nsrl.obj
d:\code\b.vound-github\sleuthkit\win32\libtsk\release-exp\md5sum.obj
d:\code\b.vound-github\sleuthkit\win32\libtsk\release-exp\idxonly.obj
d:\code\b.vound-github\sleuthkit\win32\libtsk\release-exp\hashkeeper.obj
d:\code\b.vound-github\sleuthkit\win32\release-exp\libtsk-x86.dll
d:\code\b.vound-github\sleuthkit\win32\release-exp\libtsk-x86.pdb
d:\code\b.vound-github\sleuthkit\win32\libtsk\release-exp\libtsk.res
d:\code\b.vound-github\sleuthkit\win32\release-exp\libtsk-x86.lib
d:\code\b.vound-github\sleuthkit\win32\release-exp\libtsk-x86.exp
d:\code\b.vound-github\sleuthkit\win32\libtsk\release-exp\libtsk-x86.ipdb
d:\code\b.vound-github\sleuthkit\win32\libtsk\release-exp\libtsk-x86.iobj
d:\code\b.vound-github\sleuthkit\win32\libtsk\release-exp\libtsk.tlog\cl.command.1.tlog
d:\code\b.vound-github\sleuthkit\win32\libtsk\release-exp\libtsk.tlog\cl.items.tlog
d:\code\b.vound-github\sleuthkit\win32\libtsk\release-exp\libtsk.tlog\cl.read.1.tlog
d:\code\b.vound-github\sleuthkit\win32\libtsk\release-exp\libtsk.tlog\cl.write.1.tlog
d:\code\b.vound-github\sleuthkit\win32\libtsk\release-exp\libtsk.tlog\link.command.1.tlog
d:\code\b.vound-github\sleuthkit\win32\libtsk\release-exp\libtsk.tlog\link.read.1.tlog
d:\code\b.vound-github\sleuthkit\win32\libtsk\release-exp\libtsk.tlog\link.secondary.1.tlog
d:\code\b.vound-github\sleuthkit\win32\libtsk\release-exp\libtsk.tlog\link.write.1.tlog
d:\code\b.vound-github\sleuthkit\win32\libtsk\release-exp\libtsk.tlog\rc.command.1.tlog
d:\code\b.vound-github\sleuthkit\win32\libtsk\release-exp\libtsk.tlog\rc.read.1.tlog
d:\code\b.vound-github\sleuthkit\win32\libtsk\release-exp\libtsk.tlog\rc.write.1.tlog
