  The system cannot find the path specified.
          1 file(s) copied.
          1 file(s) copied.
          1 file(s) copied.
  The system cannot find the path specified.
          1 file(s) copied.
          1 file(s) copied.
          1 file(s) copied.
  guid.cpp
  is_image_supported.cpp
  tsk_db.cpp
  apfs.cpp
D:\code\b.vound-github\sleuthkit\tsk\fs\apfs.cpp(516,48): warning C4244: 'argument': conversion from 'const uint64_t' to 'int', possible loss of data
  apfs_compat.cpp
D:\code\b.vound-github\sleuthkit\tsk\fs\apfs_compat.cpp(699,60): warning C4244: 'argument': conversion from 'TSK_OFF_T' to 'size_t', possible loss of data
D:\code\b.vound-github\sleuthkit\tsk\fs\apfs_compat.cpp(700,71): warning C4244: 'argument': conversion from 'const TSK_OFF_T' to 'size_t', possible loss of data
D:\code\b.vound-github\sleuthkit\tsk\fs\apfs_compat.cpp(965,56): warning C4244: 'argument': conversion from 'const TSK_OFF_T' to 'const size_t', possible loss of data
  apfs_fs.cpp
  apfs_open.cpp
D:\code\b.vound-github\sleuthkit\tsk\fs\apfs_open.cpp(53,77): warning C4244: 'argument': conversion from 'TSK_OFF_T' to 'long', possible loss of data
  xwfs2_dent.cpp
  binsrch_index.cpp
  img_writer.cpp
D:\code\b.vound-github\sleuthkit\tsk\img\img_writer.cpp(553,40): warning C4244: 'argument': conversion from 'TSK_OFF_T' to 'size_t', possible loss of data
  apfs_pool_compat.cpp
  apfs_pool.cpp
  pool_open.cpp
  pool_read.cpp
  pool_types.cpp
  crypto.cpp
  fatfs_dent.cpp
  ntfs_dent.cpp
  walk_cpp.cpp
  yaffs.cpp
  Compiling...
  logical_fs.cpp
D:\code\b.vound-github\sleuthkit\tsk\fs\logical_fs.cpp(1551,38): warning C4244: '=': conversion from 'TSK_DADDR_T' to 'size_t', possible loss of data
D:\code\b.vound-github\sleuthkit\tsk\fs\logical_fs.cpp(1552,33): warning C4244: '=': conversion from 'TSK_DADDR_T' to 'size_t', possible loss of data
  auto.cpp
  auto_db.cpp
  case_db.cpp
  db_sqlite.cpp
  tsk_error_win32.cpp
  sqlite_hdb.cpp
  ewf.cpp
  img_open.cpp
  decmpfs.c
D:\code\b.vound-github\sleuthkit\tsk\fs\decmpfs.c(1163,43): warning C4244: 'function': conversion from 'uint64_t' to 'size_t', possible loss of data
D:\code\b.vound-github\sleuthkit\tsk\fs\decmpfs.c(1226,55): warning C4244: 'function': conversion from 'TSK_OFF_T' to 'uint32_t', possible loss of data
D:\code\b.vound-github\sleuthkit\tsk\fs\decmpfs.c(1250,29): warning C4244: 'function': conversion from 'uint64_t' to 'size_t', possible loss of data
  exfatfs_dent.c
  exfatfs.c
  exfatfs_meta.c
  fatfs_utils.c
  fatxxfs.c
  fatxxfs_dent.c
  fatxxfs_meta.c
  xwfs2.c
  hdb_base.c
  aff4.c
D:\code\b.vound-github\sleuthkit\tsk\img\aff4.c(165,33): warning C4090: '=': different 'const' qualifiers
  unsupported_types.c
  vhd.c
  vmdk.c
  detect_encryption.c
  file_system_utils.c
  bsd.c
  dos.c
  gpt.c
  mac.c
  Compiling...
  mm_io.c
  mm_open.c
  mm_part.c
  mm_types.c
  sun.c
  dcalc_lib.c
  dcat_lib.c
  dls_lib.c
  dstat_lib.c
  ext2fs.c
D:\code\b.vound-github\sleuthkit\tsk\fs\ext2fs.c(519,17): warning C4018: '>=': signed/unsigned mismatch
D:\code\b.vound-github\sleuthkit\tsk\fs\ext2fs.c(668,58): warning C4244: 'function': conversion from 'TSK_OFF_T' to 'size_t', possible loss of data
D:\code\b.vound-github\sleuthkit\tsk\fs\ext2fs.c(672,37): warning C4244: 'function': conversion from 'TSK_OFF_T' to 'size_t', possible loss of data
D:\code\b.vound-github\sleuthkit\tsk\fs\ext2fs.c(699,16): warning C4244: 'function': conversion from 'TSK_OFF_T' to 'size_t', possible loss of data
D:\code\b.vound-github\sleuthkit\tsk\fs\ext2fs.c(675,72): warning C4244: 'initializing': conversion from 'TSK_OFF_T' to 'size_t', possible loss of data
D:\code\b.vound-github\sleuthkit\tsk\fs\ext2fs.c(681,94): warning C4244: 'initializing': conversion from 'TSK_OFF_T' to 'size_t', possible loss of data
  ext2fs_dent.c
D:\code\b.vound-github\sleuthkit\tsk\fs\ext2fs_dent.c(337,49): warning C4244: 'initializing': conversion from 'TSK_OFF_T' to 'ssize_t', possible loss of data
  ext2fs_journal.c
  fatfs.c
  fatfs_meta.c
D:\code\b.vound-github\sleuthkit\tsk\fs\fatfs_meta.c(1223,49): warning C4244: 'initializing': conversion from 'TSK_DADDR_T' to 'size_t', possible loss of data
  ffind_lib.c
  ffs.c
D:\code\b.vound-github\sleuthkit\tsk\fs\ffs.c(1231,64): warning C4244: '=': conversion from 'TSK_DADDR_T' to 'int', possible loss of data
  ffs_dent.c
  fls_lib.c
  fs_attr.c
D:\code\b.vound-github\sleuthkit\tsk\fs\fs_attr.c(62,15): warning C4047: '=': 'char *' differs in levels of indirection from 'int'
D:\code\b.vound-github\sleuthkit\tsk\fs\fs_attr.c(183,56): warning C4098: 'tsk_fs_attr_run_free': 'void' function returning a value
  fs_attrlist.c
  Compiling...
  fs_block.c
  fs_dir.c
  fs_file.c
D:\code\b.vound-github\sleuthkit\tsk\fs\fs_file.c(81,13): warning C4013: 'tsk_fs_meta_close_vound_allocator' undefined; assuming extern returning int
  fs_inode.c
  fs_io.c
D:\code\b.vound-github\sleuthkit\tsk\fs\fs_io.c(149,41): warning C4244: 'function': conversion from 'TSK_OFF_T' to 'size_t', possible loss of data
D:\code\b.vound-github\sleuthkit\tsk\fs\fs_io.c(155,31): warning C4244: 'function': conversion from 'TSK_OFF_T' to 'size_t', possible loss of data
  fs_load.c
  fs_name.c
D:\code\b.vound-github\sleuthkit\tsk\fs\fs_name.c(772,39): warning C4028: formal parameter 1 different from declaration
D:\code\b.vound-github\sleuthkit\tsk\fs\fs_name.c(791,20): warning C4047: '<': 'size_t' differs in levels of indirection from 'uint8_t [16]'
D:\code\b.vound-github\sleuthkit\tsk\fs\fs_name.c(779,20): warning C4133: 'initializing': incompatible types - from 'TSK_FS_INFO *' to 'ISO_INFO *'
  fs_open.c
D:\code\b.vound-github\sleuthkit\tsk\fs\fs_open.c(138,7): warning C4113: 'TSK_FS_INFO *(__cdecl *)(TSK_IMG_INFO *,TSK_OFF_T,TSK_FS_TYPE_ENUM,uint8_t)' differs in parameter lists from 'TSK_FS_INFO *(__cdecl *)(TSK_IMG_INFO *,TSK_OFF_T,TSK_FS_TYPE_ENUM,const char *)'
  fs_parse.c
  fs_types.c
  hfs.c
D:\code\b.vound-github\sleuthkit\tsk\fs\hfs.c(515,79): warning C4018: '>=': signed/unsigned mismatch
D:\code\b.vound-github\sleuthkit\tsk\fs\hfs.c(867,29): warning C4018: '>=': signed/unsigned mismatch
D:\code\b.vound-github\sleuthkit\tsk\fs\hfs.c(881,45): warning C4018: '>': signed/unsigned mismatch
D:\code\b.vound-github\sleuthkit\tsk\fs\hfs.c(918,32): warning C4018: '>': signed/unsigned mismatch
D:\code\b.vound-github\sleuthkit\tsk\fs\hfs.c(990,29): warning C4018: '>=': signed/unsigned mismatch
D:\code\b.vound-github\sleuthkit\tsk\fs\hfs.c(1004,45): warning C4018: '>': signed/unsigned mismatch
D:\code\b.vound-github\sleuthkit\tsk\fs\hfs.c(3562,43): warning C4244: 'function': conversion from 'uint64_t' to 'size_t', possible loss of data
D:\code\b.vound-github\sleuthkit\tsk\fs\hfs.c(3649,29): warning C4244: 'function': conversion from 'uint64_t' to 'size_t', possible loss of data
D:\code\b.vound-github\sleuthkit\tsk\fs\hfs.c(4135,53): warning C4018: '>': signed/unsigned mismatch
D:\code\b.vound-github\sleuthkit\tsk\fs\hfs.c(4232,38): warning C4018: '>': signed/unsigned mismatch
  hfs_dent.c
D:\code\b.vound-github\sleuthkit\tsk\fs\hfs_dent.c(272,25): warning C4018: '<': signed/unsigned mismatch
  hfs_journal.c
  hfs_unicompare.c
  icat_lib.c
  ifind_lib.c
D:\code\b.vound-github\sleuthkit\tsk\fs\ifind_lib.c(179,11): warning C4101: 'strtok_last': unreferenced local variable
  ils_lib.c
  iso9660.c
  iso9660_dent.c
  lzvn.c
  Compiling...
  nofs_misc.c
  ntfs.c
D:\code\b.vound-github\sleuthkit\tsk\fs\ntfs.c(1464,104): warning C4244: 'function': conversion from 'const int64_t' to 'size_t', possible loss of data
D:\code\b.vound-github\sleuthkit\tsk\fs\ntfs.c(1731,99): warning C4244: 'function': conversion from 'const int64_t' to 'size_t', possible loss of data
  rawfs.c
  swapfs.c
  unix_misc.c
D:\code\b.vound-github\sleuthkit\tsk\fs\unix_misc.c(341,9): warning C4013: 'tsk_fs_attr_initialize_unix' undefined; assuming extern returning int
  sqlite3.c
  md5c.c
  mymalloc.c
  sha1c.c
  tsk_endian.c
  tsk_error.c
  tsk_list.c
  tsk_lock.c
  tsk_parse.c
  tsk_printf.c
  tsk_stack.c
  tsk_unicode.c
  tsk_version.c
  XGetopt.c
  encase.c
  Compiling...
  hashkeeper.c
  idxonly.c
  md5sum.c
  nsrl.c
  tsk_hashdb.c
  aff.c
  img_io.c
  img_types.c
  mult_files.c
  raw.c
D:\code\b.vound-github\sleuthkit\tsk\img\raw.c(474,26): warning C4133: 'function': incompatible types - from 'TSK_TCHAR *' to 'const char *'
D:\code\b.vound-github\sleuthkit\tsk\img\raw.c(477,43): warning C4047: '==': 'int' differs in levels of indirection from 'unsigned short [2]'
D:\code\b.vound-github\sleuthkit\tsk\img\raw.c(478,27): warning C4047: '==': 'int' differs in levels of indirection from 'unsigned short [2]'
D:\code\b.vound-github\sleuthkit\tsk\img\raw.c(478,27): warning C4553: '==': result of expression not used; did you intend '='?
D:\code\b.vound-github\sleuthkit\tsk\img\raw.c(499,27): warning C4101: 'diskInfo': unreferenced local variable
D:\code\b.vound-github\sleuthkit\tsk\img\raw.c(564,46): warning C4090: 'function': different 'const' qualifiers
  logical_img.c
     Creating library D:\code\b.vound-github\sleuthkit\win32\Release-exp\libtsk-x86.lib and object D:\code\b.vound-github\sleuthkit\win32\Release-exp\libtsk-x86.exp
  Generating code
  Previous IPDB not found, fall back to full compilation.
  All 6809 functions were compiled because no usable IPDB/IOBJ from previous compilation was found.
  Finished generating code
  libtsk.vcxproj -> D:\code\b.vound-github\sleuthkit\win32\Release-exp\libtsk-x86.dll
